------------------------------------------------------------
TimeQuest Timing Analyzer Summary
------------------------------------------------------------

Type  : Slow 1100mV 100C Model Setup 'clock_50'
Slack : -4.207
TNS   : -4.207

Type  : Slow 1100mV 100C Model Setup 'i2cInterface:i2c|clockGen:clockDivider|clk'
Slack : -2.590
TNS   : -71.110

Type  : Slow 1100mV 100C Model Setup 'hsync:hSync|pulseReg'
Slack : -2.441
TNS   : -40.460

Type  : Slow 1100mV 100C Model Setup 'i2cInterface:i2c|endOK'
Slack : -1.699
TNS   : -13.018

Type  : Slow 1100mV 100C Model Setup 'pixel|pixelpll_inst|altera_pll_i|general[0].gpll~PLL_OUTPUT_COUNTER|divclk'
Slack : 14.802
TNS   : 0.000

Type  : Slow 1100mV 100C Model Hold 'hsync:hSync|pulseReg'
Slack : 0.355
TNS   : 0.000

Type  : Slow 1100mV 100C Model Hold 'pixel|pixelpll_inst|altera_pll_i|general[0].gpll~PLL_OUTPUT_COUNTER|divclk'
Slack : 0.445
TNS   : 0.000

Type  : Slow 1100mV 100C Model Hold 'clock_50'
Slack : 0.525
TNS   : 0.000

Type  : Slow 1100mV 100C Model Hold 'i2cInterface:i2c|clockGen:clockDivider|clk'
Slack : 0.657
TNS   : 0.000

Type  : Slow 1100mV 100C Model Hold 'i2cInterface:i2c|endOK'
Slack : 0.898
TNS   : 0.000

Type  : Slow 1100mV 100C Model Minimum Pulse Width 'i2cInterface:i2c|clockGen:clockDivider|clk'
Slack : -0.538
TNS   : -29.528

Type  : Slow 1100mV 100C Model Minimum Pulse Width 'hsync:hSync|pulseReg'
Slack : -0.538
TNS   : -13.059

Type  : Slow 1100mV 100C Model Minimum Pulse Width 'i2cInterface:i2c|endOK'
Slack : -0.538
TNS   : -6.193

Type  : Slow 1100mV 100C Model Minimum Pulse Width 'pixel|pixelpll_inst|altera_pll_i|general[0].gpll~FRACTIONAL_PLL|vcoph[0]'
Slack : 0.531
TNS   : 0.000

Type  : Slow 1100mV 100C Model Minimum Pulse Width 'pixel|pixelpll_inst|altera_pll_i|general[0].gpll~PLL_OUTPUT_COUNTER|divclk'
Slack : 8.297
TNS   : 0.000

Type  : Slow 1100mV 100C Model Minimum Pulse Width 'clock_50'
Slack : 8.753
TNS   : 0.000

Type  : Slow 1100mV -40C Model Setup 'clock_50'
Slack : -3.994
TNS   : -3.994

Type  : Slow 1100mV -40C Model Setup 'i2cInterface:i2c|clockGen:clockDivider|clk'
Slack : -2.668
TNS   : -70.289

Type  : Slow 1100mV -40C Model Setup 'hsync:hSync|pulseReg'
Slack : -2.465
TNS   : -40.929

Type  : Slow 1100mV -40C Model Setup 'i2cInterface:i2c|endOK'
Slack : -1.788
TNS   : -13.287

Type  : Slow 1100mV -40C Model Setup 'pixel|pixelpll_inst|altera_pll_i|general[0].gpll~PLL_OUTPUT_COUNTER|divclk'
Slack : 14.728
TNS   : 0.000

Type  : Slow 1100mV -40C Model Hold 'hsync:hSync|pulseReg'
Slack : 0.378
TNS   : 0.000

Type  : Slow 1100mV -40C Model Hold 'pixel|pixelpll_inst|altera_pll_i|general[0].gpll~PLL_OUTPUT_COUNTER|divclk'
Slack : 0.462
TNS   : 0.000

Type  : Slow 1100mV -40C Model Hold 'clock_50'
Slack : 0.572
TNS   : 0.000

Type  : Slow 1100mV -40C Model Hold 'i2cInterface:i2c|clockGen:clockDivider|clk'
Slack : 0.643
TNS   : 0.000

Type  : Slow 1100mV -40C Model Hold 'i2cInterface:i2c|endOK'
Slack : 0.887
TNS   : 0.000

Type  : Slow 1100mV -40C Model Minimum Pulse Width 'i2cInterface:i2c|clockGen:clockDivider|clk'
Slack : -0.538
TNS   : -29.450

Type  : Slow 1100mV -40C Model Minimum Pulse Width 'hsync:hSync|pulseReg'
Slack : -0.538
TNS   : -13.178

Type  : Slow 1100mV -40C Model Minimum Pulse Width 'i2cInterface:i2c|endOK'
Slack : -0.538
TNS   : -6.150

Type  : Slow 1100mV -40C Model Minimum Pulse Width 'pixel|pixelpll_inst|altera_pll_i|general[0].gpll~FRACTIONAL_PLL|vcoph[0]'
Slack : 0.531
TNS   : 0.000

Type  : Slow 1100mV -40C Model Minimum Pulse Width 'pixel|pixelpll_inst|altera_pll_i|general[0].gpll~PLL_OUTPUT_COUNTER|divclk'
Slack : 8.223
TNS   : 0.000

Type  : Slow 1100mV -40C Model Minimum Pulse Width 'clock_50'
Slack : 8.754
TNS   : 0.000

Type  : Fast 1100mV 100C Model Setup 'clock_50'
Slack : -3.247
TNS   : -3.247

Type  : Fast 1100mV 100C Model Setup 'i2cInterface:i2c|clockGen:clockDivider|clk'
Slack : -0.971
TNS   : -27.083

Type  : Fast 1100mV 100C Model Setup 'hsync:hSync|pulseReg'
Slack : -0.821
TNS   : -13.565

Type  : Fast 1100mV 100C Model Setup 'i2cInterface:i2c|endOK'
Slack : -0.547
TNS   : -3.997

Type  : Fast 1100mV 100C Model Setup 'pixel|pixelpll_inst|altera_pll_i|general[0].gpll~PLL_OUTPUT_COUNTER|divclk'
Slack : 16.598
TNS   : 0.000

Type  : Fast 1100mV 100C Model Hold 'i2cInterface:i2c|clockGen:clockDivider|clk'
Slack : 0.037
TNS   : 0.000

Type  : Fast 1100mV 100C Model Hold 'hsync:hSync|pulseReg'
Slack : 0.102
TNS   : 0.000

Type  : Fast 1100mV 100C Model Hold 'clock_50'
Slack : 0.201
TNS   : 0.000

Type  : Fast 1100mV 100C Model Hold 'pixel|pixelpll_inst|altera_pll_i|general[0].gpll~PLL_OUTPUT_COUNTER|divclk'
Slack : 0.206
TNS   : 0.000

Type  : Fast 1100mV 100C Model Hold 'i2cInterface:i2c|endOK'
Slack : 0.386
TNS   : 0.000

Type  : Fast 1100mV 100C Model Minimum Pulse Width 'hsync:hSync|pulseReg'
Slack : 0.129
TNS   : 0.000

Type  : Fast 1100mV 100C Model Minimum Pulse Width 'i2cInterface:i2c|clockGen:clockDivider|clk'
Slack : 0.135
TNS   : 0.000

Type  : Fast 1100mV 100C Model Minimum Pulse Width 'i2cInterface:i2c|endOK'
Slack : 0.165
TNS   : 0.000

Type  : Fast 1100mV 100C Model Minimum Pulse Width 'pixel|pixelpll_inst|altera_pll_i|general[0].gpll~FRACTIONAL_PLL|vcoph[0]'
Slack : 0.531
TNS   : 0.000

Type  : Fast 1100mV 100C Model Minimum Pulse Width 'pixel|pixelpll_inst|altera_pll_i|general[0].gpll~PLL_OUTPUT_COUNTER|divclk'
Slack : 8.596
TNS   : 0.000

Type  : Fast 1100mV 100C Model Minimum Pulse Width 'clock_50'
Slack : 8.722
TNS   : 0.000

Type  : Fast 1100mV -40C Model Setup 'clock_50'
Slack : -2.543
TNS   : -2.543

Type  : Fast 1100mV -40C Model Setup 'i2cInterface:i2c|clockGen:clockDivider|clk'
Slack : -0.772
TNS   : -20.612

Type  : Fast 1100mV -40C Model Setup 'hsync:hSync|pulseReg'
Slack : -0.601
TNS   : -9.880

Type  : Fast 1100mV -40C Model Setup 'i2cInterface:i2c|endOK'
Slack : -0.426
TNS   : -3.100

Type  : Fast 1100mV -40C Model Setup 'pixel|pixelpll_inst|altera_pll_i|general[0].gpll~PLL_OUTPUT_COUNTER|divclk'
Slack : 16.738
TNS   : 0.000

Type  : Fast 1100mV -40C Model Hold 'i2cInterface:i2c|clockGen:clockDivider|clk'
Slack : -0.021
TNS   : -0.021

Type  : Fast 1100mV -40C Model Hold 'hsync:hSync|pulseReg'
Slack : 0.082
TNS   : 0.000

Type  : Fast 1100mV -40C Model Hold 'clock_50'
Slack : 0.188
TNS   : 0.000

Type  : Fast 1100mV -40C Model Hold 'pixel|pixelpll_inst|altera_pll_i|general[0].gpll~PLL_OUTPUT_COUNTER|divclk'
Slack : 0.192
TNS   : 0.000

Type  : Fast 1100mV -40C Model Hold 'i2cInterface:i2c|endOK'
Slack : 0.334
TNS   : 0.000

Type  : Fast 1100mV -40C Model Minimum Pulse Width 'hsync:hSync|pulseReg'
Slack : 0.127
TNS   : 0.000

Type  : Fast 1100mV -40C Model Minimum Pulse Width 'i2cInterface:i2c|clockGen:clockDivider|clk'
Slack : 0.140
TNS   : 0.000

Type  : Fast 1100mV -40C Model Minimum Pulse Width 'i2cInterface:i2c|endOK'
Slack : 0.166
TNS   : 0.000

Type  : Fast 1100mV -40C Model Minimum Pulse Width 'pixel|pixelpll_inst|altera_pll_i|general[0].gpll~FRACTIONAL_PLL|vcoph[0]'
Slack : 0.531
TNS   : 0.000

Type  : Fast 1100mV -40C Model Minimum Pulse Width 'pixel|pixelpll_inst|altera_pll_i|general[0].gpll~PLL_OUTPUT_COUNTER|divclk'
Slack : 8.587
TNS   : 0.000

Type  : Fast 1100mV -40C Model Minimum Pulse Width 'clock_50'
Slack : 8.698
TNS   : 0.000

------------------------------------------------------------
