Analysis & Synthesis report for example
Mon May 07 15:26:25 2018
Quartus Prime Version 17.1.0 Build 590 10/25/2017 SJ Lite Edition


---------------------
; Table of Contents ;
---------------------
  1. Legal Notice
  2. Analysis & Synthesis Summary
  3. Analysis & Synthesis Settings
  4. Parallel Compilation
  5. Analysis & Synthesis Source Files Read
  6. Analysis & Synthesis Resource Usage Summary
  7. Analysis & Synthesis Resource Utilization by Entity
  8. Registers Removed During Synthesis
  9. Removed Registers Triggering Further Register Optimizations
 10. General Register Statistics
 11. Multiplexer Restructuring Statistics (Restructuring Performed)
 12. Parameter Settings for User Entity Instance: Top-level Entity: |top_sync_vg_pattern
 13. Parameter Settings for User Entity Instance: sync_vg:sync_vg
 14. Parameter Settings for User Entity Instance: pattern_vg:pattern_vg
 15. Port Connectivity Checks: "pattern_vg:pattern_vg"
 16. Port Connectivity Checks: "sync_vg:sync_vg"
 17. Post-Synthesis Netlist Statistics for Top Partition
 18. Elapsed Time Per Partition
 19. Analysis & Synthesis Messages



----------------
; Legal Notice ;
----------------
Copyright (C) 2017  Intel Corporation. All rights reserved.
Your use of Intel Corporation's design tools, logic functions 
and other software and tools, and its AMPP partner logic 
functions, and any output files from any of the foregoing 
(including device programming or simulation files), and any 
associated documentation or information are expressly subject 
to the terms and conditions of the Intel Program License 
Subscription Agreement, the Intel Quartus Prime License Agreement,
the Intel FPGA IP License Agreement, or other applicable license
agreement, including, without limitation, that your use is for
the sole purpose of programming logic devices manufactured by
Intel and sold by Intel or its authorized distributors.  Please
refer to the applicable agreement for further details.



+-------------------------------------------------------------------------------+
; Analysis & Synthesis Summary                                                  ;
+---------------------------------+---------------------------------------------+
; Analysis & Synthesis Status     ; Successful - Mon May 07 15:26:25 2018       ;
; Quartus Prime Version           ; 17.1.0 Build 590 10/25/2017 SJ Lite Edition ;
; Revision Name                   ; example                                     ;
; Top-level Entity Name           ; top_sync_vg_pattern                         ;
; Family                          ; Cyclone V                                   ;
; Logic utilization (in ALMs)     ; N/A                                         ;
; Total registers                 ; 96                                          ;
; Total pins                      ; 48                                          ;
; Total virtual pins              ; 0                                           ;
; Total block memory bits         ; 0                                           ;
; Total DSP Blocks                ; 0                                           ;
; Total HSSI RX PCSs              ; 0                                           ;
; Total HSSI PMA RX Deserializers ; 0                                           ;
; Total HSSI TX PCSs              ; 0                                           ;
; Total HSSI PMA TX Serializers   ; 0                                           ;
; Total PLLs                      ; 0                                           ;
; Total DLLs                      ; 0                                           ;
+---------------------------------+---------------------------------------------+


+----------------------------------------------------------------------------------------------------------------------------+
; Analysis & Synthesis Settings                                                                                              ;
+---------------------------------------------------------------------------------+---------------------+--------------------+
; Option                                                                          ; Setting             ; Default Value      ;
+---------------------------------------------------------------------------------+---------------------+--------------------+
; Device                                                                          ; 5CSEBA6U23I7DK      ;                    ;
; Top-level entity name                                                           ; top_sync_vg_pattern ; example            ;
; Family name                                                                     ; Cyclone V           ; Cyclone V          ;
; Use smart compilation                                                           ; Off                 ; Off                ;
; Enable parallel Assembler and TimeQuest Timing Analyzer during compilation      ; On                  ; On                 ;
; Enable compact report table                                                     ; Off                 ; Off                ;
; Restructure Multiplexers                                                        ; Auto                ; Auto               ;
; MLAB Add Timing Constraints For Mixed-Port Feed-Through Mode Setting Don't Care ; Off                 ; Off                ;
; Create Debugging Nodes for IP Cores                                             ; Off                 ; Off                ;
; Preserve fewer node names                                                       ; On                  ; On                 ;
; Intel FPGA IP Evaluation Mode                                                   ; Enable              ; Enable             ;
; Verilog Version                                                                 ; Verilog_2001        ; Verilog_2001       ;
; VHDL Version                                                                    ; VHDL_1993           ; VHDL_1993          ;
; State Machine Processing                                                        ; Auto                ; Auto               ;
; Safe State Machine                                                              ; Off                 ; Off                ;
; Extract Verilog State Machines                                                  ; On                  ; On                 ;
; Extract VHDL State Machines                                                     ; On                  ; On                 ;
; Ignore Verilog initial constructs                                               ; Off                 ; Off                ;
; Iteration limit for constant Verilog loops                                      ; 5000                ; 5000               ;
; Iteration limit for non-constant Verilog loops                                  ; 250                 ; 250                ;
; Add Pass-Through Logic to Inferred RAMs                                         ; On                  ; On                 ;
; Infer RAMs from Raw Logic                                                       ; On                  ; On                 ;
; Parallel Synthesis                                                              ; On                  ; On                 ;
; DSP Block Balancing                                                             ; Auto                ; Auto               ;
; NOT Gate Push-Back                                                              ; On                  ; On                 ;
; Power-Up Don't Care                                                             ; On                  ; On                 ;
; Remove Redundant Logic Cells                                                    ; Off                 ; Off                ;
; Remove Duplicate Registers                                                      ; On                  ; On                 ;
; Ignore CARRY Buffers                                                            ; Off                 ; Off                ;
; Ignore CASCADE Buffers                                                          ; Off                 ; Off                ;
; Ignore GLOBAL Buffers                                                           ; Off                 ; Off                ;
; Ignore ROW GLOBAL Buffers                                                       ; Off                 ; Off                ;
; Ignore LCELL Buffers                                                            ; Off                 ; Off                ;
; Ignore SOFT Buffers                                                             ; On                  ; On                 ;
; Limit AHDL Integers to 32 Bits                                                  ; Off                 ; Off                ;
; Optimization Technique                                                          ; Balanced            ; Balanced           ;
; Carry Chain Length                                                              ; 70                  ; 70                 ;
; Auto Carry Chains                                                               ; On                  ; On                 ;
; Auto Open-Drain Pins                                                            ; On                  ; On                 ;
; Perform WYSIWYG Primitive Resynthesis                                           ; Off                 ; Off                ;
; Auto ROM Replacement                                                            ; On                  ; On                 ;
; Auto RAM Replacement                                                            ; On                  ; On                 ;
; Auto DSP Block Replacement                                                      ; On                  ; On                 ;
; Auto Shift Register Replacement                                                 ; Auto                ; Auto               ;
; Allow Shift Register Merging across Hierarchies                                 ; Auto                ; Auto               ;
; Auto Clock Enable Replacement                                                   ; On                  ; On                 ;
; Strict RAM Replacement                                                          ; Off                 ; Off                ;
; Allow Synchronous Control Signals                                               ; On                  ; On                 ;
; Force Use of Synchronous Clear Signals                                          ; Off                 ; Off                ;
; Auto Resource Sharing                                                           ; Off                 ; Off                ;
; Allow Any RAM Size For Recognition                                              ; Off                 ; Off                ;
; Allow Any ROM Size For Recognition                                              ; Off                 ; Off                ;
; Allow Any Shift Register Size For Recognition                                   ; Off                 ; Off                ;
; Use LogicLock Constraints during Resource Balancing                             ; On                  ; On                 ;
; Ignore translate_off and synthesis_off directives                               ; Off                 ; Off                ;
; Timing-Driven Synthesis                                                         ; On                  ; On                 ;
; Report Parameter Settings                                                       ; On                  ; On                 ;
; Report Source Assignments                                                       ; On                  ; On                 ;
; Report Connectivity Checks                                                      ; On                  ; On                 ;
; Ignore Maximum Fan-Out Assignments                                              ; Off                 ; Off                ;
; Synchronization Register Chain Length                                           ; 3                   ; 3                  ;
; Power Optimization During Synthesis                                             ; Normal compilation  ; Normal compilation ;
; HDL message level                                                               ; Level2              ; Level2             ;
; Suppress Register Optimization Related Messages                                 ; Off                 ; Off                ;
; Number of Removed Registers Reported in Synthesis Report                        ; 5000                ; 5000               ;
; Number of Swept Nodes Reported in Synthesis Report                              ; 5000                ; 5000               ;
; Number of Inverted Registers Reported in Synthesis Report                       ; 100                 ; 100                ;
; Clock MUX Protection                                                            ; On                  ; On                 ;
; Auto Gated Clock Conversion                                                     ; Off                 ; Off                ;
; Block Design Naming                                                             ; Auto                ; Auto               ;
; SDC constraint protection                                                       ; Off                 ; Off                ;
; Synthesis Effort                                                                ; Auto                ; Auto               ;
; Shift Register Replacement - Allow Asynchronous Clear Signal                    ; On                  ; On                 ;
; Pre-Mapping Resynthesis Optimization                                            ; Off                 ; Off                ;
; Analysis & Synthesis Message Level                                              ; Medium              ; Medium             ;
; Disable Register Merging Across Hierarchies                                     ; Auto                ; Auto               ;
; Resource Aware Inference For Block RAM                                          ; On                  ; On                 ;
; Automatic Parallel Synthesis                                                    ; On                  ; On                 ;
; Partial Reconfiguration Bitstream ID                                            ; Off                 ; Off                ;
+---------------------------------------------------------------------------------+---------------------+--------------------+


+------------------------------------------+
; Parallel Compilation                     ;
+----------------------------+-------------+
; Processors                 ; Number      ;
+----------------------------+-------------+
; Number detected on machine ; 4           ;
; Maximum allowed            ; 2           ;
;                            ;             ;
; Average used               ; 1.00        ;
; Maximum used               ; 2           ;
;                            ;             ;
; Usage by Processor         ; % Time Used ;
;     Processor 1            ; 100.0%      ;
;     Processor 2            ;   0.0%      ;
+----------------------------+-------------+


+-------------------------------------------------------------------------------------------------------------------------------------------------------------------------------------------------------------------------------+
; Analysis & Synthesis Source Files Read                                                                                                                                                                                        ;
+----------------------------------+-----------------+------------------------+---------------------------------------------------------------------------------------------------------------------------------------+---------+
; File Name with User-Entered Path ; Used in Netlist ; File Type              ; File Name with Absolute Path                                                                                                          ; Library ;
+----------------------------------+-----------------+------------------------+---------------------------------------------------------------------------------------------------------------------------------------+---------+
; sync_vg.v                        ; yes             ; User Verilog HDL File  ; C:/Users/Keane/Files/2018/Advanced Digital Design/Major_Project/FPGA-HDMI-Image-Overlay/ADV7513 Example/Verilog/sync_vg.v             ;         ;
; pattern_vg.v                     ; yes             ; User Verilog HDL File  ; C:/Users/Keane/Files/2018/Advanced Digital Design/Major_Project/FPGA-HDMI-Image-Overlay/ADV7513 Example/Verilog/pattern_vg.v          ;         ;
; top_sync_vg_pattern.v            ; yes             ; User Verilog HDL File  ; C:/Users/Keane/Files/2018/Advanced Digital Design/Major_Project/FPGA-HDMI-Image-Overlay/ADV7513 Example/Verilog/top_sync_vg_pattern.v ;         ;
+----------------------------------+-----------------+------------------------+---------------------------------------------------------------------------------------------------------------------------------------+---------+


+------------------------------------------------------------+
; Analysis & Synthesis Resource Usage Summary                ;
+---------------------------------------------+--------------+
; Resource                                    ; Usage        ;
+---------------------------------------------+--------------+
; Estimate of Logic utilization (ALMs needed) ; 61           ;
;                                             ;              ;
; Combinational ALUT usage for logic          ; 98           ;
;     -- 7 input functions                    ; 0            ;
;     -- 6 input functions                    ; 10           ;
;     -- 5 input functions                    ; 28           ;
;     -- 4 input functions                    ; 9            ;
;     -- <=3 input functions                  ; 51           ;
;                                             ;              ;
; Dedicated logic registers                   ; 96           ;
;                                             ;              ;
; I/O pins                                    ; 48           ;
;                                             ;              ;
; Total DSP Blocks                            ; 0            ;
;                                             ;              ;
; Maximum fan-out node                        ; clk_in~input ;
; Maximum fan-out                             ; 97           ;
; Total fan-out                               ; 703          ;
; Average fan-out                             ; 2.42         ;
+---------------------------------------------+--------------+


+-----------------------------------------------------------------------------------------------------------------------------------------------------------------------------------------------------------------------+
; Analysis & Synthesis Resource Utilization by Entity                                                                                                                                                                   ;
+----------------------------+---------------------+---------------------------+-------------------+------------+------+--------------+--------------------------------------------+---------------------+--------------+
; Compilation Hierarchy Node ; Combinational ALUTs ; Dedicated Logic Registers ; Block Memory Bits ; DSP Blocks ; Pins ; Virtual Pins ; Full Hierarchy Name                        ; Entity Name         ; Library Name ;
+----------------------------+---------------------+---------------------------+-------------------+------------+------+--------------+--------------------------------------------+---------------------+--------------+
; |top_sync_vg_pattern       ; 98 (0)              ; 96 (27)                   ; 0                 ; 0          ; 48   ; 0            ; |top_sync_vg_pattern                       ; top_sync_vg_pattern ; work         ;
;    |pattern_vg:pattern_vg| ; 45 (45)             ; 30 (30)                   ; 0                 ; 0          ; 0    ; 0            ; |top_sync_vg_pattern|pattern_vg:pattern_vg ; pattern_vg          ; work         ;
;    |sync_vg:sync_vg|       ; 53 (53)             ; 39 (39)                   ; 0                 ; 0          ; 0    ; 0            ; |top_sync_vg_pattern|sync_vg:sync_vg       ; sync_vg             ; work         ;
+----------------------------+---------------------+---------------------------+-------------------+------------+------+--------------+--------------------------------------------+---------------------+--------------+
Note: For table entries with two numbers listed, the numbers in parentheses indicate the number of resources of the given type used by the specific entity alone. The numbers listed outside of parentheses indicate the total resources of the given type used by the specific entity and all of its sub-entities in the hierarchy.


+--------------------------------------------------------------------------------------+
; Registers Removed During Synthesis                                                   ;
+-----------------------------------------+--------------------------------------------+
; Register name                           ; Reason for Removal                         ;
+-----------------------------------------+--------------------------------------------+
; adv7511_d[0]~reg0                       ; Stuck at GND due to stuck port data_in     ;
; adv7511_d[1]~reg0                       ; Stuck at GND due to stuck port data_in     ;
; adv7511_d[2]~reg0                       ; Stuck at GND due to stuck port data_in     ;
; adv7511_d[3]~reg0                       ; Stuck at GND due to stuck port data_in     ;
; adv7511_d[12]~reg0                      ; Stuck at GND due to stuck port data_in     ;
; adv7511_d[13]~reg0                      ; Stuck at GND due to stuck port data_in     ;
; adv7511_d[14]~reg0                      ; Stuck at GND due to stuck port data_in     ;
; adv7511_d[15]~reg0                      ; Stuck at GND due to stuck port data_in     ;
; adv7511_d[24]~reg0                      ; Stuck at GND due to stuck port data_in     ;
; adv7511_d[25]~reg0                      ; Stuck at GND due to stuck port data_in     ;
; adv7511_d[26]~reg0                      ; Stuck at GND due to stuck port data_in     ;
; adv7511_d[27]~reg0                      ; Stuck at GND due to stuck port data_in     ;
; sync_vg:sync_vg|y_out[0..11]            ; Lost fanout                                ;
; sync_vg:sync_vg|field                   ; Lost fanout                                ;
; sync_vg:sync_vg|hv_offset[0..11]        ; Stuck at GND due to stuck port data_in     ;
; sync_vg:sync_vg|v_sync[0]               ; Stuck at VCC due to stuck port data_in     ;
; sync_vg:sync_vg|v_sync[1]               ; Stuck at GND due to stuck port data_in     ;
; sync_vg:sync_vg|v_sync[2]               ; Stuck at VCC due to stuck port data_in     ;
; sync_vg:sync_vg|v_sync[3..11]           ; Stuck at GND due to stuck port data_in     ;
; sync_vg:sync_vg|v_bp[0,1]               ; Stuck at GND due to stuck port data_in     ;
; sync_vg:sync_vg|v_bp[2]                 ; Stuck at VCC due to stuck port data_in     ;
; sync_vg:sync_vg|v_bp[3,4]               ; Stuck at GND due to stuck port data_in     ;
; sync_vg:sync_vg|v_bp[5]                 ; Stuck at VCC due to stuck port data_in     ;
; sync_vg:sync_vg|v_bp[6..11]             ; Stuck at GND due to stuck port data_in     ;
; sync_vg:sync_vg|v_fp[0,1]               ; Stuck at GND due to stuck port data_in     ;
; sync_vg:sync_vg|v_fp[2]                 ; Stuck at VCC due to stuck port data_in     ;
; sync_vg:sync_vg|v_fp[3..11]             ; Stuck at GND due to stuck port data_in     ;
; sync_vg:sync_vg|v_total[0]              ; Stuck at VCC due to stuck port data_in     ;
; sync_vg:sync_vg|v_total[1]              ; Stuck at GND due to stuck port data_in     ;
; sync_vg:sync_vg|v_total[2]              ; Stuck at VCC due to stuck port data_in     ;
; sync_vg:sync_vg|v_total[3,4]            ; Stuck at GND due to stuck port data_in     ;
; sync_vg:sync_vg|v_total[5,6]            ; Stuck at VCC due to stuck port data_in     ;
; sync_vg:sync_vg|v_total[7..9]           ; Stuck at GND due to stuck port data_in     ;
; sync_vg:sync_vg|v_total[10]             ; Stuck at VCC due to stuck port data_in     ;
; sync_vg:sync_vg|v_total[11]             ; Stuck at GND due to stuck port data_in     ;
; pattern_vg:pattern_vg|g_out[0]          ; Merged with pattern_vg:pattern_vg|b_out[0] ;
; pattern_vg:pattern_vg|r_out[0]          ; Merged with pattern_vg:pattern_vg|b_out[0] ;
; pattern_vg:pattern_vg|g_out[1]          ; Merged with pattern_vg:pattern_vg|b_out[1] ;
; pattern_vg:pattern_vg|r_out[1]          ; Merged with pattern_vg:pattern_vg|b_out[1] ;
; pattern_vg:pattern_vg|g_out[2]          ; Merged with pattern_vg:pattern_vg|b_out[2] ;
; pattern_vg:pattern_vg|r_out[2]          ; Merged with pattern_vg:pattern_vg|b_out[2] ;
; pattern_vg:pattern_vg|g_out[3]          ; Merged with pattern_vg:pattern_vg|b_out[3] ;
; pattern_vg:pattern_vg|r_out[3]          ; Merged with pattern_vg:pattern_vg|b_out[3] ;
; pattern_vg:pattern_vg|g_out[4]          ; Merged with pattern_vg:pattern_vg|b_out[4] ;
; pattern_vg:pattern_vg|r_out[4]          ; Merged with pattern_vg:pattern_vg|b_out[4] ;
; pattern_vg:pattern_vg|g_out[5]          ; Merged with pattern_vg:pattern_vg|b_out[5] ;
; pattern_vg:pattern_vg|r_out[5]          ; Merged with pattern_vg:pattern_vg|b_out[5] ;
; pattern_vg:pattern_vg|g_out[6]          ; Merged with pattern_vg:pattern_vg|b_out[6] ;
; pattern_vg:pattern_vg|r_out[6]          ; Merged with pattern_vg:pattern_vg|b_out[6] ;
; pattern_vg:pattern_vg|g_out[7]          ; Merged with pattern_vg:pattern_vg|b_out[7] ;
; pattern_vg:pattern_vg|r_out[7]          ; Merged with pattern_vg:pattern_vg|b_out[7] ;
; pattern_vg:pattern_vg|ramp_values[0]    ; Stuck at GND due to stuck port data_in     ;
; Total Number of Removed Registers = 102 ;                                            ;
+-----------------------------------------+--------------------------------------------+


+----------------------------------------------------------------------------------------+
; Removed Registers Triggering Further Register Optimizations                            ;
+--------------------------+--------------------+----------------------------------------+
; Register name            ; Reason for Removal ; Registers Removed due to This Register ;
+--------------------------+--------------------+----------------------------------------+
; sync_vg:sync_vg|y_out[0] ; Lost Fanouts       ; sync_vg:sync_vg|field                  ;
+--------------------------+--------------------+----------------------------------------+


+------------------------------------------------------+
; General Register Statistics                          ;
+----------------------------------------------+-------+
; Statistic                                    ; Value ;
+----------------------------------------------+-------+
; Total registers                              ; 96    ;
; Number of registers using Synchronous Clear  ; 46    ;
; Number of registers using Synchronous Load   ; 0     ;
; Number of registers using Asynchronous Clear ; 0     ;
; Number of registers using Asynchronous Load  ; 0     ;
; Number of registers using Clock Enable       ; 51    ;
; Number of registers using Preset             ; 0     ;
+----------------------------------------------+-------+


+--------------------------------------------------------------------------------------------------------------------------------------------------------------------------+
; Multiplexer Restructuring Statistics (Restructuring Performed)                                                                                                           ;
+--------------------+-----------+---------------+----------------------+------------------------+------------+------------------------------------------------------------+
; Multiplexer Inputs ; Bus Width ; Baseline Area ; Area if Restructured ; Saving if Restructured ; Registered ; Example Multiplexer Output                                 ;
+--------------------+-----------+---------------+----------------------+------------------------+------------+------------------------------------------------------------+
; 3:1                ; 12 bits   ; 24 LEs        ; 0 LEs                ; 24 LEs                 ; Yes        ; |top_sync_vg_pattern|sync_vg:sync_vg|h_count[7]            ;
; 4:1                ; 12 bits   ; 24 LEs        ; 0 LEs                ; 24 LEs                 ; Yes        ; |top_sync_vg_pattern|sync_vg:sync_vg|v_count[6]            ;
; 5:1                ; 19 bits   ; 57 LEs        ; 19 LEs               ; 38 LEs                 ; Yes        ; |top_sync_vg_pattern|pattern_vg:pattern_vg|ramp_values[12] ;
+--------------------+-----------+---------------+----------------------+------------------------+------------+------------------------------------------------------------+


+-------------------------------------------------------------------------------------+
; Parameter Settings for User Entity Instance: Top-level Entity: |top_sync_vg_pattern ;
+-------------------+----------------------+------------------------------------------+
; Parameter Name    ; Value                ; Type                                     ;
+-------------------+----------------------+------------------------------------------+
; INTERLACED        ; 0                    ; Unsigned Binary                          ;
; V_TOTAL_0         ; 010001100101         ; Unsigned Binary                          ;
; V_FP_0            ; 000000000100         ; Unsigned Binary                          ;
; V_BP_0            ; 000000100100         ; Unsigned Binary                          ;
; V_SYNC_0          ; 000000000101         ; Unsigned Binary                          ;
; V_TOTAL_1         ; 000000000000         ; Unsigned Binary                          ;
; V_FP_1            ; 000000000000         ; Unsigned Binary                          ;
; V_BP_1            ; 000000000000         ; Unsigned Binary                          ;
; V_SYNC_1          ; 000000000000         ; Unsigned Binary                          ;
; H_TOTAL           ; 100010011000         ; Unsigned Binary                          ;
; H_FP              ; 000001011000         ; Unsigned Binary                          ;
; H_BP              ; 000010010100         ; Unsigned Binary                          ;
; H_SYNC            ; 000000101100         ; Unsigned Binary                          ;
; HV_OFFSET_0       ; 000000000000         ; Unsigned Binary                          ;
; HV_OFFSET_1       ; 000000000000         ; Unsigned Binary                          ;
; PATTERN_RAMP_STEP ; 00000000001000100010 ; Unsigned Binary                          ;
; PATTERN_TYPE      ; 00000100             ; Unsigned Binary                          ;
+-------------------+----------------------+------------------------------------------+
Note: In order to hide this table in the UI and the text report file, please set the "Show Parameter Settings in Synthesis Report" option in "Analysis and Synthesis Settings -> More Settings" to "Off".


+--------------------------------------------------------------+
; Parameter Settings for User Entity Instance: sync_vg:sync_vg ;
+----------------+-------+-------------------------------------+
; Parameter Name ; Value ; Type                                ;
+----------------+-------+-------------------------------------+
; X_BITS         ; 12    ; Signed Integer                      ;
; Y_BITS         ; 12    ; Signed Integer                      ;
+----------------+-------+-------------------------------------+
Note: In order to hide this table in the UI and the text report file, please set the "Show Parameter Settings in Synthesis Report" option in "Analysis and Synthesis Settings -> More Settings" to "Off".


+--------------------------------------------------------------------+
; Parameter Settings for User Entity Instance: pattern_vg:pattern_vg ;
+-----------------+-------+------------------------------------------+
; Parameter Name  ; Value ; Type                                     ;
+-----------------+-------+------------------------------------------+
; B               ; 8     ; Signed Integer                           ;
; X_BITS          ; 12    ; Signed Integer                           ;
; Y_BITS          ; 12    ; Signed Integer                           ;
; FRACTIONAL_BITS ; 12    ; Signed Integer                           ;
+-----------------+-------+------------------------------------------+
Note: In order to hide this table in the UI and the text report file, please set the "Show Parameter Settings in Synthesis Report" option in "Analysis and Synthesis Settings -> More Settings" to "Off".


+------------------------------------------------------------+
; Port Connectivity Checks: "pattern_vg:pattern_vg"          ;
+--------------------------+-------+----------+--------------+
; Port                     ; Type  ; Severity ; Details      ;
+--------------------------+-------+----------+--------------+
; r_in                     ; Input ; Info     ; Stuck at GND ;
; g_in                     ; Input ; Info     ; Stuck at GND ;
; b_in                     ; Input ; Info     ; Stuck at GND ;
; total_active_pix[10..7]  ; Input ; Info     ; Stuck at VCC ;
; total_active_pix[6..0]   ; Input ; Info     ; Stuck at GND ;
; total_active_pix[11]     ; Input ; Info     ; Stuck at GND ;
; total_active_lines[5..3] ; Input ; Info     ; Stuck at VCC ;
; total_active_lines[9..6] ; Input ; Info     ; Stuck at GND ;
; total_active_lines[2..0] ; Input ; Info     ; Stuck at GND ;
; total_active_lines[11]   ; Input ; Info     ; Stuck at GND ;
; total_active_lines[10]   ; Input ; Info     ; Stuck at VCC ;
; pattern[7..3]            ; Input ; Info     ; Stuck at GND ;
; pattern[1..0]            ; Input ; Info     ; Stuck at GND ;
; pattern[2]               ; Input ; Info     ; Stuck at VCC ;
; ramp_step[19..10]        ; Input ; Info     ; Stuck at GND ;
; ramp_step[8..6]          ; Input ; Info     ; Stuck at GND ;
; ramp_step[4..2]          ; Input ; Info     ; Stuck at GND ;
; ramp_step[9]             ; Input ; Info     ; Stuck at VCC ;
; ramp_step[5]             ; Input ; Info     ; Stuck at VCC ;
; ramp_step[1]             ; Input ; Info     ; Stuck at VCC ;
; ramp_step[0]             ; Input ; Info     ; Stuck at GND ;
+--------------------------+-------+----------+--------------+


+---------------------------------------------------------------------------------------------------------------------------+
; Port Connectivity Checks: "sync_vg:sync_vg"                                                                               ;
+-----------------+--------+----------+-------------------------------------------------------------------------------------+
; Port            ; Type   ; Severity ; Details                                                                             ;
+-----------------+--------+----------+-------------------------------------------------------------------------------------+
; interlaced      ; Input  ; Info     ; Stuck at GND                                                                        ;
; clk_out         ; Output ; Info     ; Explicitly unconnected                                                              ;
; v_total_0[6..5] ; Input  ; Info     ; Stuck at VCC                                                                        ;
; v_total_0[9..7] ; Input  ; Info     ; Stuck at GND                                                                        ;
; v_total_0[4..3] ; Input  ; Info     ; Stuck at GND                                                                        ;
; v_total_0[11]   ; Input  ; Info     ; Stuck at GND                                                                        ;
; v_total_0[10]   ; Input  ; Info     ; Stuck at VCC                                                                        ;
; v_total_0[2]    ; Input  ; Info     ; Stuck at VCC                                                                        ;
; v_total_0[1]    ; Input  ; Info     ; Stuck at GND                                                                        ;
; v_total_0[0]    ; Input  ; Info     ; Stuck at VCC                                                                        ;
; v_fp_0[11..3]   ; Input  ; Info     ; Stuck at GND                                                                        ;
; v_fp_0[1..0]    ; Input  ; Info     ; Stuck at GND                                                                        ;
; v_fp_0[2]       ; Input  ; Info     ; Stuck at VCC                                                                        ;
; v_bp_0[11..6]   ; Input  ; Info     ; Stuck at GND                                                                        ;
; v_bp_0[4..3]    ; Input  ; Info     ; Stuck at GND                                                                        ;
; v_bp_0[1..0]    ; Input  ; Info     ; Stuck at GND                                                                        ;
; v_bp_0[5]       ; Input  ; Info     ; Stuck at VCC                                                                        ;
; v_bp_0[2]       ; Input  ; Info     ; Stuck at VCC                                                                        ;
; v_sync_0[11..3] ; Input  ; Info     ; Stuck at GND                                                                        ;
; v_sync_0[2]     ; Input  ; Info     ; Stuck at VCC                                                                        ;
; v_sync_0[1]     ; Input  ; Info     ; Stuck at GND                                                                        ;
; v_sync_0[0]     ; Input  ; Info     ; Stuck at VCC                                                                        ;
; v_total_1       ; Input  ; Info     ; Stuck at GND                                                                        ;
; v_fp_1          ; Input  ; Info     ; Stuck at GND                                                                        ;
; v_bp_1          ; Input  ; Info     ; Stuck at GND                                                                        ;
; v_sync_1        ; Input  ; Info     ; Stuck at GND                                                                        ;
; h_total[4..3]   ; Input  ; Info     ; Stuck at VCC                                                                        ;
; h_total[10..8]  ; Input  ; Info     ; Stuck at GND                                                                        ;
; h_total[6..5]   ; Input  ; Info     ; Stuck at GND                                                                        ;
; h_total[2..0]   ; Input  ; Info     ; Stuck at GND                                                                        ;
; h_total[11]     ; Input  ; Info     ; Stuck at VCC                                                                        ;
; h_total[7]      ; Input  ; Info     ; Stuck at VCC                                                                        ;
; h_fp[4..3]      ; Input  ; Info     ; Stuck at VCC                                                                        ;
; h_fp[11..7]     ; Input  ; Info     ; Stuck at GND                                                                        ;
; h_fp[2..0]      ; Input  ; Info     ; Stuck at GND                                                                        ;
; h_fp[6]         ; Input  ; Info     ; Stuck at VCC                                                                        ;
; h_fp[5]         ; Input  ; Info     ; Stuck at GND                                                                        ;
; h_bp[11..8]     ; Input  ; Info     ; Stuck at GND                                                                        ;
; h_bp[6..5]      ; Input  ; Info     ; Stuck at GND                                                                        ;
; h_bp[1..0]      ; Input  ; Info     ; Stuck at GND                                                                        ;
; h_bp[7]         ; Input  ; Info     ; Stuck at VCC                                                                        ;
; h_bp[4]         ; Input  ; Info     ; Stuck at VCC                                                                        ;
; h_bp[3]         ; Input  ; Info     ; Stuck at GND                                                                        ;
; h_bp[2]         ; Input  ; Info     ; Stuck at VCC                                                                        ;
; h_sync[3..2]    ; Input  ; Info     ; Stuck at VCC                                                                        ;
; h_sync[11..6]   ; Input  ; Info     ; Stuck at GND                                                                        ;
; h_sync[1..0]    ; Input  ; Info     ; Stuck at GND                                                                        ;
; h_sync[5]       ; Input  ; Info     ; Stuck at VCC                                                                        ;
; h_sync[4]       ; Input  ; Info     ; Stuck at GND                                                                        ;
; hv_offset_0     ; Input  ; Info     ; Stuck at GND                                                                        ;
; hv_offset_1     ; Input  ; Info     ; Stuck at GND                                                                        ;
; v_count_out     ; Output ; Info     ; Explicitly unconnected                                                              ;
; h_count_out     ; Output ; Info     ; Explicitly unconnected                                                              ;
; y_out[12]       ; Output ; Info     ; Connected to dangling logic. Logic that only feeds a dangling port will be removed. ;
; field_out       ; Output ; Info     ; Connected to dangling logic. Logic that only feeds a dangling port will be removed. ;
+-----------------+--------+----------+-------------------------------------------------------------------------------------+


+-----------------------------------------------------+
; Post-Synthesis Netlist Statistics for Top Partition ;
+-----------------------+-----------------------------+
; Type                  ; Count                       ;
+-----------------------+-----------------------------+
; arriav_ff             ; 96                          ;
;     ENA               ; 20                          ;
;     ENA SCLR          ; 31                          ;
;     SCLR              ; 15                          ;
;     plain             ; 30                          ;
; arriav_lcell_comb     ; 100                         ;
;     arith             ; 43                          ;
;         1 data inputs ; 43                          ;
;     normal            ; 57                          ;
;         0 data inputs ; 1                           ;
;         1 data inputs ; 2                           ;
;         2 data inputs ; 3                           ;
;         3 data inputs ; 4                           ;
;         4 data inputs ; 9                           ;
;         5 data inputs ; 28                          ;
;         6 data inputs ; 10                          ;
; boundary_port         ; 48                          ;
;                       ;                             ;
; Max LUT depth         ; 3.80                        ;
; Average LUT depth     ; 2.01                        ;
+-----------------------+-----------------------------+


+-------------------------------+
; Elapsed Time Per Partition    ;
+----------------+--------------+
; Partition Name ; Elapsed Time ;
+----------------+--------------+
; Top            ; 00:00:00     ;
+----------------+--------------+


+-------------------------------+
; Analysis & Synthesis Messages ;
+-------------------------------+
Info: *******************************************************************
Info: Running Quartus Prime Analysis & Synthesis
    Info: Version 17.1.0 Build 590 10/25/2017 SJ Lite Edition
    Info: Processing started: Mon May 07 15:26:09 2018
Info: Command: quartus_map --read_settings_files=on --write_settings_files=off example -c example
Warning (18236): Number of processors has not been specified which may cause overloading on shared machines.  Set the global assignment NUM_PARALLEL_PROCESSORS in your QSF to an appropriate value for best performance.
Info (20030): Parallel compilation is enabled and will use 2 of the 2 processors detected
Info (12021): Found 1 design units, including 1 entities, in source file sync_vg.v
    Info (12023): Found entity 1: sync_vg File: C:/Users/Keane/Files/2018/Advanced Digital Design/Major_Project/FPGA-HDMI-Image-Overlay/ADV7513 Example/Verilog/sync_vg.v Line: 1
Info (12021): Found 1 design units, including 1 entities, in source file pattern_vg.v
    Info (12023): Found entity 1: pattern_vg File: C:/Users/Keane/Files/2018/Advanced Digital Design/Major_Project/FPGA-HDMI-Image-Overlay/ADV7513 Example/Verilog/pattern_vg.v Line: 1
Info (12021): Found 1 design units, including 1 entities, in source file top_sync_vg_pattern.v
    Info (12023): Found entity 1: top_sync_vg_pattern File: C:/Users/Keane/Files/2018/Advanced Digital Design/Major_Project/FPGA-HDMI-Image-Overlay/ADV7513 Example/Verilog/top_sync_vg_pattern.v Line: 1
Warning (10236): Verilog HDL Implicit Net warning at top_sync_vg_pattern.v(105): created implicit net for "de" File: C:/Users/Keane/Files/2018/Advanced Digital Design/Major_Project/FPGA-HDMI-Image-Overlay/ADV7513 Example/Verilog/top_sync_vg_pattern.v Line: 105
Warning (10236): Verilog HDL Implicit Net warning at top_sync_vg_pattern.v(106): created implicit net for "vs" File: C:/Users/Keane/Files/2018/Advanced Digital Design/Major_Project/FPGA-HDMI-Image-Overlay/ADV7513 Example/Verilog/top_sync_vg_pattern.v Line: 106
Warning (10236): Verilog HDL Implicit Net warning at top_sync_vg_pattern.v(111): created implicit net for "hs" File: C:/Users/Keane/Files/2018/Advanced Digital Design/Major_Project/FPGA-HDMI-Image-Overlay/ADV7513 Example/Verilog/top_sync_vg_pattern.v Line: 111
Warning (10236): Verilog HDL Implicit Net warning at top_sync_vg_pattern.v(112): created implicit net for "field" File: C:/Users/Keane/Files/2018/Advanced Digital Design/Major_Project/FPGA-HDMI-Image-Overlay/ADV7513 Example/Verilog/top_sync_vg_pattern.v Line: 112
Warning (10236): Verilog HDL Implicit Net warning at top_sync_vg_pattern.v(130): created implicit net for "vs_out" File: C:/Users/Keane/Files/2018/Advanced Digital Design/Major_Project/FPGA-HDMI-Image-Overlay/ADV7513 Example/Verilog/top_sync_vg_pattern.v Line: 130
Warning (10236): Verilog HDL Implicit Net warning at top_sync_vg_pattern.v(131): created implicit net for "hs_out" File: C:/Users/Keane/Files/2018/Advanced Digital Design/Major_Project/FPGA-HDMI-Image-Overlay/ADV7513 Example/Verilog/top_sync_vg_pattern.v Line: 131
Warning (10236): Verilog HDL Implicit Net warning at top_sync_vg_pattern.v(132): created implicit net for "de_out" File: C:/Users/Keane/Files/2018/Advanced Digital Design/Major_Project/FPGA-HDMI-Image-Overlay/ADV7513 Example/Verilog/top_sync_vg_pattern.v Line: 132
Info (12127): Elaborating entity "top_sync_vg_pattern" for the top level hierarchy
Info (12128): Elaborating entity "sync_vg" for hierarchy "sync_vg:sync_vg" File: C:/Users/Keane/Files/2018/Advanced Digital Design/Major_Project/FPGA-HDMI-Image-Overlay/ADV7513 Example/Verilog/top_sync_vg_pattern.v Line: 113
Warning (10230): Verilog HDL assignment warning at sync_vg.v(49): truncated value with size 32 to match size of target (12) File: C:/Users/Keane/Files/2018/Advanced Digital Design/Major_Project/FPGA-HDMI-Image-Overlay/ADV7513 Example/Verilog/sync_vg.v Line: 49
Warning (10230): Verilog HDL assignment warning at sync_vg.v(62): truncated value with size 32 to match size of target (12) File: C:/Users/Keane/Files/2018/Advanced Digital Design/Major_Project/FPGA-HDMI-Image-Overlay/ADV7513 Example/Verilog/sync_vg.v Line: 62
Info (12128): Elaborating entity "pattern_vg" for hierarchy "pattern_vg:pattern_vg" File: C:/Users/Keane/Files/2018/Advanced Digital Design/Major_Project/FPGA-HDMI-Image-Overlay/ADV7513 Example/Verilog/top_sync_vg_pattern.v Line: 140
Warning (13024): Output pins are stuck at VCC or GND
    Warning (13410): Pin "adv7511_d[0]" is stuck at GND File: C:/Users/Keane/Files/2018/Advanced Digital Design/Major_Project/FPGA-HDMI-Image-Overlay/ADV7513 Example/Verilog/top_sync_vg_pattern.v Line: 142
    Warning (13410): Pin "adv7511_d[1]" is stuck at GND File: C:/Users/Keane/Files/2018/Advanced Digital Design/Major_Project/FPGA-HDMI-Image-Overlay/ADV7513 Example/Verilog/top_sync_vg_pattern.v Line: 142
    Warning (13410): Pin "adv7511_d[2]" is stuck at GND File: C:/Users/Keane/Files/2018/Advanced Digital Design/Major_Project/FPGA-HDMI-Image-Overlay/ADV7513 Example/Verilog/top_sync_vg_pattern.v Line: 142
    Warning (13410): Pin "adv7511_d[3]" is stuck at GND File: C:/Users/Keane/Files/2018/Advanced Digital Design/Major_Project/FPGA-HDMI-Image-Overlay/ADV7513 Example/Verilog/top_sync_vg_pattern.v Line: 142
    Warning (13410): Pin "adv7511_d[12]" is stuck at GND File: C:/Users/Keane/Files/2018/Advanced Digital Design/Major_Project/FPGA-HDMI-Image-Overlay/ADV7513 Example/Verilog/top_sync_vg_pattern.v Line: 142
    Warning (13410): Pin "adv7511_d[13]" is stuck at GND File: C:/Users/Keane/Files/2018/Advanced Digital Design/Major_Project/FPGA-HDMI-Image-Overlay/ADV7513 Example/Verilog/top_sync_vg_pattern.v Line: 142
    Warning (13410): Pin "adv7511_d[14]" is stuck at GND File: C:/Users/Keane/Files/2018/Advanced Digital Design/Major_Project/FPGA-HDMI-Image-Overlay/ADV7513 Example/Verilog/top_sync_vg_pattern.v Line: 142
    Warning (13410): Pin "adv7511_d[15]" is stuck at GND File: C:/Users/Keane/Files/2018/Advanced Digital Design/Major_Project/FPGA-HDMI-Image-Overlay/ADV7513 Example/Verilog/top_sync_vg_pattern.v Line: 142
    Warning (13410): Pin "adv7511_d[24]" is stuck at GND File: C:/Users/Keane/Files/2018/Advanced Digital Design/Major_Project/FPGA-HDMI-Image-Overlay/ADV7513 Example/Verilog/top_sync_vg_pattern.v Line: 142
    Warning (13410): Pin "adv7511_d[25]" is stuck at GND File: C:/Users/Keane/Files/2018/Advanced Digital Design/Major_Project/FPGA-HDMI-Image-Overlay/ADV7513 Example/Verilog/top_sync_vg_pattern.v Line: 142
    Warning (13410): Pin "adv7511_d[26]" is stuck at GND File: C:/Users/Keane/Files/2018/Advanced Digital Design/Major_Project/FPGA-HDMI-Image-Overlay/ADV7513 Example/Verilog/top_sync_vg_pattern.v Line: 142
    Warning (13410): Pin "adv7511_d[27]" is stuck at GND File: C:/Users/Keane/Files/2018/Advanced Digital Design/Major_Project/FPGA-HDMI-Image-Overlay/ADV7513 Example/Verilog/top_sync_vg_pattern.v Line: 142
Info (286030): Timing-Driven Synthesis is running
Info (17049): 13 registers lost all their fanouts during netlist optimizations.
Info (16010): Generating hard_block partition "hard_block:auto_generated_inst"
    Info (16011): Adding 0 node(s), including 0 DDIO, 0 PLL, 0 transceiver and 0 LCELL
Warning (21074): Design contains 6 input pin(s) that do not drive logic
    Warning (15610): No output dependent on input pin "pb[0]" File: C:/Users/Keane/Files/2018/Advanced Digital Design/Major_Project/FPGA-HDMI-Image-Overlay/ADV7513 Example/Verilog/top_sync_vg_pattern.v Line: 11
    Warning (15610): No output dependent on input pin "pb[1]" File: C:/Users/Keane/Files/2018/Advanced Digital Design/Major_Project/FPGA-HDMI-Image-Overlay/ADV7513 Example/Verilog/top_sync_vg_pattern.v Line: 11
    Warning (15610): No output dependent on input pin "pb[2]" File: C:/Users/Keane/Files/2018/Advanced Digital Design/Major_Project/FPGA-HDMI-Image-Overlay/ADV7513 Example/Verilog/top_sync_vg_pattern.v Line: 11
    Warning (15610): No output dependent on input pin "pb[3]" File: C:/Users/Keane/Files/2018/Advanced Digital Design/Major_Project/FPGA-HDMI-Image-Overlay/ADV7513 Example/Verilog/top_sync_vg_pattern.v Line: 11
    Warning (15610): No output dependent on input pin "pb[4]" File: C:/Users/Keane/Files/2018/Advanced Digital Design/Major_Project/FPGA-HDMI-Image-Overlay/ADV7513 Example/Verilog/top_sync_vg_pattern.v Line: 11
    Warning (15610): No output dependent on input pin "pb[5]" File: C:/Users/Keane/Files/2018/Advanced Digital Design/Major_Project/FPGA-HDMI-Image-Overlay/ADV7513 Example/Verilog/top_sync_vg_pattern.v Line: 11
Info (21057): Implemented 190 device resources after synthesis - the final resource count might be different
    Info (21058): Implemented 8 input pins
    Info (21059): Implemented 40 output pins
    Info (21061): Implemented 142 logic cells
Info: Quartus Prime Analysis & Synthesis was successful. 0 errors, 30 warnings
    Info: Peak virtual memory: 723 megabytes
    Info: Processing ended: Mon May 07 15:26:25 2018
    Info: Elapsed time: 00:00:16
    Info: Total CPU time (on all processors): 00:00:36


